// Jest Snapshot v1, https://goo.gl/fbAQLP

exports[`<Home /> matches snapshot 1`] = `ShallowWrapper {}`;

exports[`Home screen snapshot 1`] = `ShallowWrapper {}`;
